uploading to yt...
calling this url -> https://accounts.google.com/o/oauth2/v2/auth?scope=https://www.googleapis.com/auth/youtube.upload&response_type=code&redirect_uri=http%3A//127.0.0.1%3A9004&client_id=454274022734-pq4m07rn6gf5dphsoq1dsif64sibrskd.apps.googleusercontent.com
Desktop browsing is not supported on this system. trying different method...
Launched Spongebob on 2025-11-18T14:46:34.416207857
Launched Spongebob on 2025-11-18T14:46:45.988768855
uploading to yt...
calling this url -> https://accounts.google.com/o/oauth2/v2/auth?scope=https://www.googleapis.com/auth/youtube.upload&response_type=code&redirect_uri=http%3A//127.0.0.1%3A9004&client_id=454274022734-pq4m07rn6gf5dphsoq1dsif64sibrskd.apps.googleusercontent.com
Desktop browsing is not supported on this system. trying different method...
Launched Spongebob on 2025-11-18T14:53:19.924000136
uploading to yt...
http server created for callback.
http server started to listen to google's callback on port 9004
calling this url -> https://accounts.google.com/o/oauth2/v2/auth?scope=https://www.googleapis.com/auth/youtube.upload&response_type=code&redirect_uri=http%3A//127.0.0.1%3A9004&client_id=454274022734-pq4m07rn6gf5dphsoq1dsif64sibrskd.apps.googleusercontent.com
Desktop browsing is not supported on this system. trying different method...
received from code after google callback
Launched Spongebob on 2025-11-20T15:17:37.214297600
uploading to yt...
http server created for callback.
http server started to listen to google's callback on port 9004
calling this url -> https://accounts.google.com/o/oauth2/v2/auth?scope=https://www.googleapis.com/auth/youtube.upload&response_type=code&redirect_uri=http%3A//127.0.0.1%3A9004&client_id=454274022734-pq4m07rn6gf5dphsoq1dsif64sibrskd.apps.googleusercontent.com
Desktop browsing is not supported on this system. trying different method...
received from code after google callback
got 'code' from google's response
got tokens after calling google again
Launched Spongebob on 2025-11-20T15:21:58.010485903
uploading to yt...
http server created for callback.
http server started to listen to google's callback on port 9004
calling this url -> https://accounts.google.com/o/oauth2/v2/auth?scope=https://www.googleapis.com/auth/youtube.upload&response_type=code&redirect_uri=http%3A//127.0.0.1%3A9004&client_id=454274022734-pq4m07rn6gf5dphsoq1dsif64sibrskd.apps.googleusercontent.com
Desktop browsing is not supported on this system. trying different method...
received from code after google callback
got 'code' from google's response
400
got tokens after calling google again
Launched Spongebob on 2025-11-20T15:24:01.277599636
Launched Spongebob on 2025-11-20T15:24:10.294234810
uploading to yt...
http server created for callback.
http server started to listen to google's callback on port 9004
calling this url -> https://accounts.google.com/o/oauth2/v2/auth?scope=https://www.googleapis.com/auth/youtube.upload&response_type=code&redirect_uri=http%3A//127.0.0.1%3A9004&client_id=454274022734-pq4m07rn6gf5dphsoq1dsif64sibrskd.apps.googleusercontent.com
Desktop browsing is not supported on this system. trying different method...
received from code after google callback
got 'code' from google's response
400
FAILED processing google's callback
Launched Spongebob on 2025-11-20T15:24:58.339439228
uploading to yt...
http server created for callback.
http server started to listen to google's callback on port 9004
calling this url -> https://accounts.google.com/o/oauth2/v2/auth?scope=https://www.googleapis.com/auth/youtube.upload&response_type=code&redirect_uri=http%3A//127.0.0.1%3A9004&client_id=454274022734-pq4m07rn6gf5dphsoq1dsif64sibrskd.apps.googleusercontent.com
Desktop browsing is not supported on this system. trying different method...
received from code after google callback
got 'code' from google's response
400
FAILED processing google's callback: Server returned HTTP response code: 400 for URL: https://oauth2.googleapis.com/token
Launched Spongebob on 2025-11-20T15:25:35.163689081
uploading to yt...
http server created for callback.
http server started to listen to google's callback on port 9004
calling this url -> https://accounts.google.com/o/oauth2/v2/auth?scope=https://www.googleapis.com/auth/youtube.upload&response_type=code&redirect_uri=http%3A//127.0.0.1%3A9004&client_id=454274022734-pq4m07rn6gf5dphsoq1dsif64sibrskd.apps.googleusercontent.com
Desktop browsing is not supported on this system. trying different method...
received from code after google callback
got 'code' from google's response
400
{  "error": "invalid_request",  "error_description": "client_secret is missing."}
got tokens after calling google again
Launched Spongebob on 2025-11-20T15:26:25.833190574
Launched Spongebob on 2025-11-20T15:27:40.553390227
uploading to yt...
http server created for callback.
http server started to listen to google's callback on port 9004
calling this url -> https://accounts.google.com/o/oauth2/v2/auth?scope=https://www.googleapis.com/auth/youtube.upload&response_type=code&redirect_uri=http%3A//127.0.0.1%3A9004&client_id=454274022734-pq4m07rn6gf5dphsoq1dsif64sibrskd.apps.googleusercontent.com
Desktop browsing is not supported on this system. trying different method...
received from code after google callback
got 'code' from google's response
Launched Spongebob on 2025-11-20T15:29:08.838093744
uploading to yt...
http server created for callback.
http server started to listen to google's callback on port 9004
calling this url -> https://accounts.google.com/o/oauth2/v2/auth?scope=https://www.googleapis.com/auth/youtube.upload&response_type=code&redirect_uri=http%3A//127.0.0.1%3A9004&client_id=454274022734-pq4m07rn6gf5dphsoq1dsif64sibrskd.apps.googleusercontent.com
Desktop browsing is not supported on this system. trying different method...
received from code after google callback
got 'code' from google's response
{  "error": "invalid_request",  "error_description": "client_secret is missing."}
got tokens after calling google again
Launched Spongebob on 2025-11-20T15:34:37.444182843
uploading to yt...
http server created for callback.
http server started to listen to google's callback on port 9004
calling this url -> https://accounts.google.com/o/oauth2/v2/auth?scope=https://www.googleapis.com/auth/youtube.upload&response_type=code&redirect_uri=http%3A//127.0.0.1%3A9004&client_id=454274022734-pq4m07rn6gf5dphsoq1dsif64sibrskd.apps.googleusercontent.com
Desktop browsing is not supported on this system. trying different method...
received from code after google callback
got 'code' from google's response
{  "access_token": "ya29.a0ATi6K2vgkIFaKC7rmY0k4YaojvGaEhQ4AN0sziOy4Xqk47bNoscauY1V6KOg1SqbeLrkk9EqogV71Gf-EbwX0j1swRURiwqQnzrvaV3RSCwmm9A6PwQ7as_rOekjH4THeO6vCposIKBrrCk7fCLeECLxFgrH8tcdCxTggDMmanEanrG3YE-7gh2nik6IaHckltn4CpkaCgYKAWwSARcSFQHGX2MiVKBELoKdZGAkw6n8tF01NQ0206",  "expires_in": 3599,  "refresh_token": "1//03cY9k7QNywIQCgYIARAAGAMSNwF-L9Ir562J9hfzWhOsUHJlism1wGbkN97hzLiAVsdFJ6DF7B7F7MIv4gMyPNo5Ky1-wTEJJUs",  "scope": "https://www.googleapis.com/auth/youtube.upload",  "token_type": "Bearer"}
done calling get tokens
Launched Spongebob on 2025-11-20T15:42:02.284379713
uploading to yt...
http server created for callback.
http server started to listen to google's callback on port 9004
calling this url -> https://accounts.google.com/o/oauth2/v2/auth?scope=https://www.googleapis.com/auth/youtube.upload&response_type=code&redirect_uri=http%3A//127.0.0.1%3A9004&client_id=454274022734-pq4m07rn6gf5dphsoq1dsif64sibrskd.apps.googleusercontent.com
Desktop browsing is not supported on this system. trying different method...
received from code after google callback
got 'code' from google's response
done calling get tokens
uploading to yt...
can not start http server to listen to google's callback: Address already in use
uploading to yt...
can not start http server to listen to google's callback: Address already in use
received from code after google callback
got 'code' from google's response
Launched Spongebob on 2025-11-20T15:43:03.686695883
uploading to yt...
http server created for callback.
http server started to listen to google's callback on port 9004
calling this url -> https://accounts.google.com/o/oauth2/v2/auth?scope=https://www.googleapis.com/auth/youtube.upload&response_type=code&redirect_uri=http%3A//127.0.0.1%3A9004&client_id=454274022734-pq4m07rn6gf5dphsoq1dsif64sibrskd.apps.googleusercontent.com
Desktop browsing is not supported on this system. trying different method...
received from code after google callback
got 'code' from google's response
done calling get tokens
uploading to yt...
can not start http server to listen to google's callback: Address already in use
Launched Spongebob on 2025-11-20T15:43:29.621071444
uploading to yt...
http server created for callback.
http server started to listen to google's callback on port 9004
calling this url -> https://accounts.google.com/o/oauth2/v2/auth?scope=https://www.googleapis.com/auth/youtube.upload&response_type=code&redirect_uri=http%3A//127.0.0.1%3A9004&client_id=454274022734-pq4m07rn6gf5dphsoq1dsif64sibrskd.apps.googleusercontent.com
Desktop browsing is not supported on this system. trying different method...
received from code after google callback
got 'code' from google's response
done calling get tokens
Launched Spongebob on 2025-11-20T15:46:14.632176502
Launched Spongebob on 2025-11-20T16:01:08.578323539
uploading to yt...
http server created for callback.
http server started to listen to google's callback on port 9004
Launched Spongebob on 2025-11-20T16:01:28.372619666
uploading to yt...
http server created for callback.
http server started to listen to google's callback on port 9004
Launched Spongebob on 2025-11-20T16:02:03.416921137
uploading to yt...
http server created for callback.
http server started to listen to google's callback on port 9004
Launched Spongebob on 2025-11-20T16:02:28.853345052
uploading to yt...
http server created for callback.
http server started to listen to google's callback on port 9004
Launched Spongebob on 2025-11-20T16:03:46.303427660
uploading to yt...
http server created for callback.
http server started to listen to google's callback on port 9004
Launched Spongebob on 2025-11-21T10:29:39.808346509
uploading to yt...
http server created for callback.
calling this url -> https://accounts.google.com/o/oauth2/v2/auth?scope=https://www.googleapis.com/auth/youtube.upload&response_type=code&redirect_uri=http%3A//127.0.0.1%3A9004&client_id=454274022734-pq4m07rn6gf5dphsoq1dsif64sibrskd.apps.googleusercontent.com
http server started to listen to google's callback on port 9004
Desktop browsing is not supported on this system. trying different method...
Launched Spongebob on 2025-11-21T10:32:30.995774336
uploading to yt...
http server created for callback.
calling this url -> https://accounts.google.com/o/oauth2/v2/auth?scope=https://www.googleapis.com/auth/youtube.upload&response_type=code&redirect_uri=http%3A//127.0.0.1%3A9004&client_id=454274022734-pq4m07rn6gf5dphsoq1dsif64sibrskd.apps.googleusercontent.com
http server started to listen to google's callback on port 9004
Desktop browsing is not supported on this system. trying different method...
Launched Spongebob on 2025-11-21T10:34:23.429770906
uploading to yt...
http server created for callback.
calling this url -> https://accounts.google.com/o/oauth2/v2/auth?scope=https://www.googleapis.com/auth/youtube.upload&response_type=code&redirect_uri=http%3A//127.0.0.1%3A9004&client_id=454274022734-pq4m07rn6gf5dphsoq1dsif64sibrskd.apps.googleusercontent.com
http server started to listen to google's callback on port 9004
Desktop browsing is not supported on this system. trying different method...
Launched Spongebob on 2025-11-21T10:35:31.794432058
uploading to yt...
http server created for callback.
calling this url -> https://accounts.google.com/o/oauth2/v2/auth?scope=https://www.googleapis.com/auth/youtube.upload&response_type=code&redirect_uri=http%3A//127.0.0.1%3A9004&client_id=454274022734-pq4m07rn6gf5dphsoq1dsif64sibrskd.apps.googleusercontent.com
http server started to listen to google's callback on port 9004
Desktop browsing is not supported on this system. trying different method...
Launched Spongebob on 2025-11-21T10:35:57.317368051
uploading to yt...
http server created for callback.
calling this url -> https://accounts.google.com/o/oauth2/v2/auth?scope=https://www.googleapis.com/auth/youtube.upload&response_type=code&redirect_uri=http%3A//127.0.0.1%3A9004&client_id=454274022734-pq4m07rn6gf5dphsoq1dsif64sibrskd.apps.googleusercontent.com
http server started to listen to google's callback on port 9004
Desktop browsing is not supported on this system. trying different method...
Launched Spongebob on 2025-11-21T10:39:10.370454119
uploading to yt...
http server created for callback.
calling this url -> https://accounts.google.com/o/oauth2/v2/auth?scope=https://www.googleapis.com/auth/youtube.upload&response_type=code&redirect_uri=http%3A//127.0.0.1%3A9004&client_id=454274022734-pq4m07rn6gf5dphsoq1dsif64sibrskd.apps.googleusercontent.com
http server started to listen to google's callback on port 9004
Desktop browsing is not supported on this system. trying different method...
Launched Spongebob on 2025-11-21T10:39:51.191242430
uploading to yt...
http server created for callback.
calling this url -> https://accounts.google.com/o/oauth2/v2/auth?scope=https://www.googleapis.com/auth/youtube.upload&response_type=code&redirect_uri=http%3A//127.0.0.1%3A9004&client_id=454274022734-pq4m07rn6gf5dphsoq1dsif64sibrskd.apps.googleusercontent.com
Desktop browsing is not supported on this system. trying different method...
http server started to listen to google's callback on port 9004
Launched Spongebob on 2025-11-21T10:41:36.214410944
Image file does not exist.
uploading to yt...
http server created for callback.
calling this url -> https://accounts.google.com/o/oauth2/v2/auth?scope=https://www.googleapis.com/auth/youtube.upload&response_type=code&redirect_uri=http%3A//127.0.0.1%3A9004&client_id=454274022734-pq4m07rn6gf5dphsoq1dsif64sibrskd.apps.googleusercontent.com
http server started to listen to google's callback on port 9004
Desktop browsing is not supported on this system. trying different method...
received from code after google callback
got 'code' from google's response
done calling get tokens
Launched Spongebob on 2025-11-21T10:43:06.104084705
uploading to yt...
http server created for callback.
calling this url -> https://accounts.google.com/o/oauth2/v2/auth?scope=https://www.googleapis.com/auth/youtube.upload&response_type=code&redirect_uri=http%3A//127.0.0.1%3A9004&client_id=454274022734-pq4m07rn6gf5dphsoq1dsif64sibrskd.apps.googleusercontent.com
http server started to listen to google's callback on port 9004
Desktop browsing is not supported on this system. trying different method...
uploading to yt...
server already started
calling this url -> https://accounts.google.com/o/oauth2/v2/auth?scope=https://www.googleapis.com/auth/youtube.upload&response_type=code&redirect_uri=http%3A//127.0.0.1%3A9004&client_id=454274022734-pq4m07rn6gf5dphsoq1dsif64sibrskd.apps.googleusercontent.com
Desktop browsing is not supported on this system. trying different method...
Launched Spongebob on 2025-11-21T10:48:47.555916130
uploading to yt...
http server created for callback.
calling this url -> https://accounts.google.com/o/oauth2/v2/auth?scope=https://www.googleapis.com/auth/youtube.upload&response_type=code&redirect_uri=http%3A//127.0.0.1%3A9004&client_id=454274022734-pq4m07rn6gf5dphsoq1dsif64sibrskd.apps.googleusercontent.com
http server started to listen to google's callback on port 9004
Desktop browsing is not supported on this system. trying different method...
uploading to yt...
server already started
calling this url -> https://accounts.google.com/o/oauth2/v2/auth?scope=https://www.googleapis.com/auth/youtube.upload&response_type=code&redirect_uri=http%3A//127.0.0.1%3A9004&client_id=454274022734-pq4m07rn6gf5dphsoq1dsif64sibrskd.apps.googleusercontent.com
Desktop browsing is not supported on this system. trying different method...
received from code after google callback
got 'code' from google's response
done calling get tokens
Launched Spongebob on 2025-11-23T12:28:48.700484711
uploading to yt...
http server created for callback.
calling this url -> https://accounts.google.com/o/oauth2/v2/auth?scope=https://www.googleapis.com/auth/youtube.upload&response_type=code&redirect_uri=http%3A//127.0.0.1%3A9004&client_id=454274022734-pq4m07rn6gf5dphsoq1dsif64sibrskd.apps.googleusercontent.com
http server started to listen to google's callback on port 9004
Desktop browsing is not supported on this system. trying different method...
received from code after google callback
got 'code' from google's response
done calling get tokens
received from code after google callback
could not parse google's callback correctly
received from code after google callback
got 'code' from google's response
Failed with 400 error code in http request to get tokens from google
done calling get tokens
received from code after google callback
could not parse google's callback correctly
received from code after google callback
got 'code' from google's response
Failed with 400 error code in http request to get tokens from google
done calling get tokens
received from code after google callback
could not parse google's callback correctly
received from code after google callback
got 'code' from google's response
Failed with 400 error code in http request to get tokens from google
done calling get tokens
received from code after google callback
could not parse google's callback correctly
received from code after google callback
got 'code' from google's response
Failed with 400 error code in http request to get tokens from google
done calling get tokens
received from code after google callback
could not parse google's callback correctly
